gh-zen  repository workbench
Work Items keys: j/k move  g/G jump  [1]/[2]/[3] pane  tab/S-tab pane  q quit
┌─Repositories[1]───────┐ ┌─WorkItems[2]────────────────────────────┐ ┌─Review[3]──────────────────┐
│ * 0maru/gh-zen        │ │ > main                   clean   no PR  │ │ Loading preview...         │
│   0maru/dotfiles      │ │   feat/config-loader     dirty   PR #24 │ │ Item: main                 │
│                       │ │   feat/repo-workbench    clean   #6     │ │                            │
│ Views                 │ │   agent/preview-state    missing #8     │ │                            │
│   Active worktrees    │ │   #34 Branch preview UX  unknown #34    │ │                            │
│   Review requested    │ │                                         │ │                            │
│   Failed checks       │ │                                         │ │                            │
└───────────────────────┘ └─────────────────────────────────────────┘ └────────────────────────────┘
