gh-zen  repository workbench
------------------------------------------------------------------------
Repositories             Work Items                               Preview
> 0maru/gh-zen           > main                   clean   no PR   Repo: 0maru/gh-zen
  0maru/dotfiles           feat/config-loader     dirty   PR #24  Item: main
                           feat/repo-workbench    clean   #6      Where: ~/workspaces/github.com/0m~
Views                      agent/preview-state    missing #8      Branch: main -> origin/main
  Active worktrees         #34 Branch preview UX  unknown #34     Local: clean
  Review requested                                                Issue: no issue
  Failed checks                                                   PR: no PR
                                                                  Checks: checks passing
                                                                  Commits:
                                                                    3da43e7 Set up GitHub CLI exten~

j/k move  g/G jump  q quit
